[2026-06-06T14:36:19.820+0000] {local_task_job_runner.py:120} INFO - ::group::Pre task execution logs
[2026-06-06T14:36:19.866+0000] {taskinstance.py:2076} INFO - Dependencies all met for dep_context=non-requeueable deps ti=<TaskInstance: opendota_dag.python_operator manual__2026-06-06T14:36:18.240916+00:00 [queued]>
[2026-06-06T14:36:19.878+0000] {taskinstance.py:2076} INFO - Dependencies all met for dep_context=requeueable deps ti=<TaskInstance: opendota_dag.python_operator manual__2026-06-06T14:36:18.240916+00:00 [queued]>
[2026-06-06T14:36:19.879+0000] {taskinstance.py:2306} INFO - Starting attempt 1 of 1
[2026-06-06T14:36:19.921+0000] {taskinstance.py:2330} INFO - Executing <Task(PythonOperator): python_operator> on 2026-06-06 14:36:18.240916+00:00
[2026-06-06T14:36:19.950+0000] {standard_task_runner.py:90} INFO - Running: ['***', 'tasks', 'run', 'opendota_dag', 'python_operator', 'manual__2026-06-06T14:36:18.240916+00:00', '--job-id', '75', '--raw', '--subdir', 'DAGS_FOLDER/opendota/dag.py', '--cfg-path', '/tmp/tmpodsoc06l']
[2026-06-06T14:36:19.963+0000] {standard_task_runner.py:91} INFO - Job 75: Subtask python_operator
[2026-06-06T14:36:19.979+0000] {logging_mixin.py:188} WARNING - /home/***/.local/lib/python3.12/site-packages/***/task/task_runner/standard_task_runner.py:62 DeprecationWarning: This process (pid=8632) is multi-threaded, use of fork() may lead to deadlocks in the child.
[2026-06-06T14:36:19.980+0000] {standard_task_runner.py:64} INFO - Started process 8633 to run task
[2026-06-06T14:36:20.076+0000] {task_command.py:426} INFO - Running <TaskInstance: opendota_dag.python_operator manual__2026-06-06T14:36:18.240916+00:00 [running]> on host 7c257e16fd07
[2026-06-06T14:36:20.260+0000] {taskinstance.py:2648} INFO - Exporting env vars: AIRFLOW_CTX_DAG_OWNER='***' AIRFLOW_CTX_DAG_ID='opendota_dag' AIRFLOW_CTX_TASK_ID='python_operator' AIRFLOW_CTX_EXECUTION_DATE='2026-06-06T14:36:18.240916+00:00' AIRFLOW_CTX_TRY_NUMBER='1' AIRFLOW_CTX_DAG_RUN_ID='manual__2026-06-06T14:36:18.240916+00:00'
[2026-06-06T14:36:20.261+0000] {taskinstance.py:430} INFO - ::endgroup::
[2026-06-06T14:36:20.317+0000] {base.py:84} INFO - Using connection ID 'pg_conn' for task execution.
[2026-06-06T14:36:20.319+0000] {sql.py:254} WARNING - This setter is for backward compatibility and should not be used.
Since the introduction of connection property, the providers listed below breaks due to assigning value to self.connection in their __init__ method.
* apache-***-providers-mysql<5.7.1
* apache-***-providers-elasticsearch<5.5.1
* apache-***-providers-postgres<5.13.0
[2026-06-06T14:36:41.606+0000] {taskinstance.py:441} INFO - ::group::Post task execution logs
[2026-06-06T14:36:41.607+0000] {taskinstance.py:2905} ERROR - Task failed with exception
Traceback (most recent call last):
  File "/home/airflow/.local/lib/python3.12/site-packages/urllib3/connectionpool.py", line 716, in urlopen
    httplib_response = self._make_request(
                       ^^^^^^^^^^^^^^^^^^^
  File "/home/airflow/.local/lib/python3.12/site-packages/urllib3/connectionpool.py", line 404, in _make_request
    self._validate_conn(conn)
  File "/home/airflow/.local/lib/python3.12/site-packages/urllib3/connectionpool.py", line 1061, in _validate_conn
    conn.connect()
  File "/home/airflow/.local/lib/python3.12/site-packages/urllib3/connection.py", line 419, in connect
    self.sock = ssl_wrap_socket(
                ^^^^^^^^^^^^^^^^
  File "/home/airflow/.local/lib/python3.12/site-packages/urllib3/util/ssl_.py", line 458, in ssl_wrap_socket
    ssl_sock = _ssl_wrap_socket_impl(
               ^^^^^^^^^^^^^^^^^^^^^^
  File "/home/airflow/.local/lib/python3.12/site-packages/urllib3/util/ssl_.py", line 502, in _ssl_wrap_socket_impl
    return ssl_context.wrap_socket(sock, server_hostname=server_hostname)
           ^^^^^^^^^^^^^^^^^^^^^^^^^^^^^^^^^^^^^^^^^^^^^^^^^^^^^^^^^^^^^^
  File "/usr/local/lib/python3.12/ssl.py", line 455, in wrap_socket
    return self.sslsocket_class._create(
           ^^^^^^^^^^^^^^^^^^^^^^^^^^^^^
  File "/usr/local/lib/python3.12/ssl.py", line 1042, in _create
    self.do_handshake()
  File "/usr/local/lib/python3.12/ssl.py", line 1320, in do_handshake
    self._sslobj.do_handshake()
ssl.SSLEOFError: [SSL: UNEXPECTED_EOF_WHILE_READING] EOF occurred in violation of protocol (_ssl.c:1000)

During handling of the above exception, another exception occurred:

Traceback (most recent call last):
  File "/home/airflow/.local/lib/python3.12/site-packages/requests/adapters.py", line 667, in send
    resp = conn.urlopen(
           ^^^^^^^^^^^^^
  File "/home/airflow/.local/lib/python3.12/site-packages/urllib3/connectionpool.py", line 802, in urlopen
    retries = retries.increment(
              ^^^^^^^^^^^^^^^^^^
  File "/home/airflow/.local/lib/python3.12/site-packages/urllib3/util/retry.py", line 594, in increment
    raise MaxRetryError(_pool, url, error or ResponseError(cause))
urllib3.exceptions.MaxRetryError: HTTPSConnectionPool(host='api.opendota.com', port=443): Max retries exceeded with url: /api/proMatches (Caused by SSLError(SSLEOFError(8, '[SSL: UNEXPECTED_EOF_WHILE_READING] EOF occurred in violation of protocol (_ssl.c:1000)')))

During handling of the above exception, another exception occurred:

Traceback (most recent call last):
  File "/home/airflow/.local/lib/python3.12/site-packages/airflow/models/taskinstance.py", line 465, in _execute_task
    result = _execute_callable(context=context, **execute_callable_kwargs)
             ^^^^^^^^^^^^^^^^^^^^^^^^^^^^^^^^^^^^^^^^^^^^^^^^^^^^^^^^^^^^^
  File "/home/airflow/.local/lib/python3.12/site-packages/airflow/models/taskinstance.py", line 432, in _execute_callable
    return execute_callable(context=context, **execute_callable_kwargs)
           ^^^^^^^^^^^^^^^^^^^^^^^^^^^^^^^^^^^^^^^^^^^^^^^^^^^^^^^^^^^^
  File "/home/airflow/.local/lib/python3.12/site-packages/airflow/models/baseoperator.py", line 401, in wrapper
    return func(self, *args, **kwargs)
           ^^^^^^^^^^^^^^^^^^^^^^^^^^^
  File "/home/airflow/.local/lib/python3.12/site-packages/airflow/operators/python.py", line 235, in execute
    return_value = self.execute_callable()
                   ^^^^^^^^^^^^^^^^^^^^^^^
  File "/home/airflow/.local/lib/python3.12/site-packages/airflow/operators/python.py", line 252, in execute_callable
    return self.python_callable(*self.op_args, **self.op_kwargs)
           ^^^^^^^^^^^^^^^^^^^^^^^^^^^^^^^^^^^^^^^^^^^^^^^^^^^^^
  File "/opt/airflow/dags/opendota/scripts/manager.py", line 10, in fetch_data_from_opendota
    data = fetch_data_from_opendota_api(entity['endpoint'], **context)
           ^^^^^^^^^^^^^^^^^^^^^^^^^^^^^^^^^^^^^^^^^^^^^^^^^^^^^^^^^^^
  File "/opt/airflow/dags/opendota/scripts/api.py", line 5, in fetch_data_from_opendota_api
    response = requests.get(f"https://api.opendota.com/api/{endpoint}")
               ^^^^^^^^^^^^^^^^^^^^^^^^^^^^^^^^^^^^^^^^^^^^^^^^^^^^^^^^
  File "/home/airflow/.local/lib/python3.12/site-packages/requests/api.py", line 73, in get
    return request("get", url, params=params, **kwargs)
           ^^^^^^^^^^^^^^^^^^^^^^^^^^^^^^^^^^^^^^^^^^^^
  File "/home/airflow/.local/lib/python3.12/site-packages/requests/api.py", line 59, in request
    return session.request(method=method, url=url, **kwargs)
           ^^^^^^^^^^^^^^^^^^^^^^^^^^^^^^^^^^^^^^^^^^^^^^^^^
  File "/home/airflow/.local/lib/python3.12/site-packages/requests/sessions.py", line 589, in request
    resp = self.send(prep, **send_kwargs)
           ^^^^^^^^^^^^^^^^^^^^^^^^^^^^^^
  File "/home/airflow/.local/lib/python3.12/site-packages/requests/sessions.py", line 703, in send
    r = adapter.send(request, **kwargs)
        ^^^^^^^^^^^^^^^^^^^^^^^^^^^^^^^
  File "/home/airflow/.local/lib/python3.12/site-packages/requests/adapters.py", line 698, in send
    raise SSLError(e, request=request)
requests.exceptions.SSLError: HTTPSConnectionPool(host='api.opendota.com', port=443): Max retries exceeded with url: /api/proMatches (Caused by SSLError(SSLEOFError(8, '[SSL: UNEXPECTED_EOF_WHILE_READING] EOF occurred in violation of protocol (_ssl.c:1000)')))
[2026-06-06T14:36:41.651+0000] {taskinstance.py:1206} INFO - Marking task as FAILED. dag_id=opendota_dag, task_id=python_operator, run_id=manual__2026-06-06T14:36:18.240916+00:00, execution_date=20260606T143618, start_date=20260606T143619, end_date=20260606T143641
[2026-06-06T14:36:41.667+0000] {standard_task_runner.py:110} ERROR - Failed to execute job 75 for task python_operator (HTTPSConnectionPool(host='api.opendota.com', port=443): Max retries exceeded with url: /api/proMatches (Caused by SSLError(SSLEOFError(8, '[SSL: UNEXPECTED_EOF_WHILE_READING] EOF occurred in violation of protocol (_ssl.c:1000)'))); 8633)
[2026-06-06T14:36:41.694+0000] {local_task_job_runner.py:243} INFO - Task exited with return code 1
[2026-06-06T14:36:41.712+0000] {taskinstance.py:3503} INFO - 0 downstream tasks scheduled from follow-on schedule check
[2026-06-06T14:36:41.714+0000] {local_task_job_runner.py:222} INFO - ::endgroup::
