[2026-06-06T14:39:40.912+0000] {local_task_job_runner.py:120} INFO - ::group::Pre task execution logs
[2026-06-06T14:39:40.970+0000] {taskinstance.py:2076} INFO - Dependencies all met for dep_context=non-requeueable deps ti=<TaskInstance: opendota_dag.python_operator manual__2026-06-06T14:39:39.440753+00:00 [queued]>
[2026-06-06T14:39:40.983+0000] {taskinstance.py:2076} INFO - Dependencies all met for dep_context=requeueable deps ti=<TaskInstance: opendota_dag.python_operator manual__2026-06-06T14:39:39.440753+00:00 [queued]>
[2026-06-06T14:39:40.984+0000] {taskinstance.py:2306} INFO - Starting attempt 1 of 1
[2026-06-06T14:39:41.004+0000] {taskinstance.py:2330} INFO - Executing <Task(PythonOperator): python_operator> on 2026-06-06 14:39:39.440753+00:00
[2026-06-06T14:39:41.015+0000] {standard_task_runner.py:90} INFO - Running: ['***', 'tasks', 'run', 'opendota_dag', 'python_operator', 'manual__2026-06-06T14:39:39.440753+00:00', '--job-id', '76', '--raw', '--subdir', 'DAGS_FOLDER/opendota/dag.py', '--cfg-path', '/tmp/tmpvyccuhw5']
[2026-06-06T14:39:41.019+0000] {standard_task_runner.py:91} INFO - Job 76: Subtask python_operator
[2026-06-06T14:39:41.024+0000] {logging_mixin.py:188} WARNING - /home/***/.local/lib/python3.12/site-packages/***/task/task_runner/standard_task_runner.py:62 DeprecationWarning: This process (pid=8700) is multi-threaded, use of fork() may lead to deadlocks in the child.
[2026-06-06T14:39:41.026+0000] {standard_task_runner.py:64} INFO - Started process 8701 to run task
[2026-06-06T14:39:41.094+0000] {task_command.py:426} INFO - Running <TaskInstance: opendota_dag.python_operator manual__2026-06-06T14:39:39.440753+00:00 [running]> on host 7c257e16fd07
[2026-06-06T14:39:41.226+0000] {taskinstance.py:2648} INFO - Exporting env vars: AIRFLOW_CTX_DAG_OWNER='***' AIRFLOW_CTX_DAG_ID='opendota_dag' AIRFLOW_CTX_TASK_ID='python_operator' AIRFLOW_CTX_EXECUTION_DATE='2026-06-06T14:39:39.440753+00:00' AIRFLOW_CTX_TRY_NUMBER='1' AIRFLOW_CTX_DAG_RUN_ID='manual__2026-06-06T14:39:39.440753+00:00'
[2026-06-06T14:39:41.227+0000] {taskinstance.py:430} INFO - ::endgroup::
[2026-06-06T14:39:41.267+0000] {base.py:84} INFO - Using connection ID 'pg_conn' for task execution.
[2026-06-06T14:39:41.268+0000] {sql.py:254} WARNING - This setter is for backward compatibility and should not be used.
Since the introduction of connection property, the providers listed below breaks due to assigning value to self.connection in their __init__ method.
* apache-***-providers-mysql<5.7.1
* apache-***-providers-elasticsearch<5.5.1
* apache-***-providers-postgres<5.13.0
[2026-06-06T14:39:54.189+0000] {taskinstance.py:441} INFO - ::group::Post task execution logs
[2026-06-06T14:39:54.192+0000] {taskinstance.py:2905} ERROR - Task failed with exception
Traceback (most recent call last):
  File "/home/airflow/.local/lib/python3.12/site-packages/airflow/models/taskinstance.py", line 465, in _execute_task
    result = _execute_callable(context=context, **execute_callable_kwargs)
             ^^^^^^^^^^^^^^^^^^^^^^^^^^^^^^^^^^^^^^^^^^^^^^^^^^^^^^^^^^^^^
  File "/home/airflow/.local/lib/python3.12/site-packages/airflow/models/taskinstance.py", line 432, in _execute_callable
    return execute_callable(context=context, **execute_callable_kwargs)
           ^^^^^^^^^^^^^^^^^^^^^^^^^^^^^^^^^^^^^^^^^^^^^^^^^^^^^^^^^^^^
  File "/home/airflow/.local/lib/python3.12/site-packages/airflow/models/baseoperator.py", line 401, in wrapper
    return func(self, *args, **kwargs)
           ^^^^^^^^^^^^^^^^^^^^^^^^^^^
  File "/home/airflow/.local/lib/python3.12/site-packages/airflow/operators/python.py", line 235, in execute
    return_value = self.execute_callable()
                   ^^^^^^^^^^^^^^^^^^^^^^^
  File "/home/airflow/.local/lib/python3.12/site-packages/airflow/operators/python.py", line 252, in execute_callable
    return self.python_callable(*self.op_args, **self.op_kwargs)
           ^^^^^^^^^^^^^^^^^^^^^^^^^^^^^^^^^^^^^^^^^^^^^^^^^^^^^
  File "/opt/airflow/dags/opendota/scripts/manager.py", line 16, in fetch_data_from_opendota
    values = [record[field] for field in entity['fields']]
              ~~~~~~^^^^^^^
KeyError: 'radiant'
[2026-06-06T14:39:54.214+0000] {taskinstance.py:1206} INFO - Marking task as FAILED. dag_id=opendota_dag, task_id=python_operator, run_id=manual__2026-06-06T14:39:39.440753+00:00, execution_date=20260606T143939, start_date=20260606T143940, end_date=20260606T143954
[2026-06-06T14:39:54.232+0000] {standard_task_runner.py:110} ERROR - Failed to execute job 76 for task python_operator ('radiant'; 8701)
[2026-06-06T14:39:54.249+0000] {local_task_job_runner.py:243} INFO - Task exited with return code 1
[2026-06-06T14:39:54.275+0000] {taskinstance.py:3503} INFO - 0 downstream tasks scheduled from follow-on schedule check
[2026-06-06T14:39:54.278+0000] {local_task_job_runner.py:222} INFO - ::endgroup::
