[2026-06-06T14:48:33.612+0000] {local_task_job_runner.py:120} INFO - ::group::Pre task execution logs
[2026-06-06T14:48:33.662+0000] {taskinstance.py:2076} INFO - Dependencies all met for dep_context=non-requeueable deps ti=<TaskInstance: opendota_dag.python_operator manual__2026-06-06T14:48:32.330042+00:00 [queued]>
[2026-06-06T14:48:33.674+0000] {taskinstance.py:2076} INFO - Dependencies all met for dep_context=requeueable deps ti=<TaskInstance: opendota_dag.python_operator manual__2026-06-06T14:48:32.330042+00:00 [queued]>
[2026-06-06T14:48:33.675+0000] {taskinstance.py:2306} INFO - Starting attempt 1 of 1
[2026-06-06T14:48:33.694+0000] {taskinstance.py:2330} INFO - Executing <Task(PythonOperator): python_operator> on 2026-06-06 14:48:32.330042+00:00
[2026-06-06T14:48:33.705+0000] {standard_task_runner.py:90} INFO - Running: ['***', 'tasks', 'run', 'opendota_dag', 'python_operator', 'manual__2026-06-06T14:48:32.330042+00:00', '--job-id', '81', '--raw', '--subdir', 'DAGS_FOLDER/opendota/dag.py', '--cfg-path', '/tmp/tmptzsldbju']
[2026-06-06T14:48:33.712+0000] {logging_mixin.py:188} WARNING - /home/***/.local/lib/python3.12/site-packages/***/task/task_runner/standard_task_runner.py:62 DeprecationWarning: This process (pid=8910) is multi-threaded, use of fork() may lead to deadlocks in the child.
[2026-06-06T14:48:33.713+0000] {standard_task_runner.py:91} INFO - Job 81: Subtask python_operator
[2026-06-06T14:48:33.713+0000] {standard_task_runner.py:64} INFO - Started process 8911 to run task
[2026-06-06T14:48:33.785+0000] {task_command.py:426} INFO - Running <TaskInstance: opendota_dag.python_operator manual__2026-06-06T14:48:32.330042+00:00 [running]> on host 7c257e16fd07
[2026-06-06T14:48:33.917+0000] {taskinstance.py:2648} INFO - Exporting env vars: AIRFLOW_CTX_DAG_OWNER='***' AIRFLOW_CTX_DAG_ID='opendota_dag' AIRFLOW_CTX_TASK_ID='python_operator' AIRFLOW_CTX_EXECUTION_DATE='2026-06-06T14:48:32.330042+00:00' AIRFLOW_CTX_TRY_NUMBER='1' AIRFLOW_CTX_DAG_RUN_ID='manual__2026-06-06T14:48:32.330042+00:00'
[2026-06-06T14:48:33.918+0000] {taskinstance.py:430} INFO - ::endgroup::
[2026-06-06T14:48:33.943+0000] {base.py:84} INFO - Using connection ID 'pg_conn' for task execution.
[2026-06-06T14:48:33.944+0000] {sql.py:254} WARNING - This setter is for backward compatibility and should not be used.
Since the introduction of connection property, the providers listed below breaks due to assigning value to self.connection in their __init__ method.
* apache-***-providers-mysql<5.7.1
* apache-***-providers-elasticsearch<5.5.1
* apache-***-providers-postgres<5.13.0
[2026-06-06T14:48:55.273+0000] {python.py:237} INFO - Done. Returned value was: None
[2026-06-06T14:48:55.274+0000] {taskinstance.py:441} INFO - ::group::Post task execution logs
[2026-06-06T14:48:55.285+0000] {taskinstance.py:1206} INFO - Marking task as SUCCESS. dag_id=opendota_dag, task_id=python_operator, run_id=manual__2026-06-06T14:48:32.330042+00:00, execution_date=20260606T144832, start_date=20260606T144833, end_date=20260606T144855
[2026-06-06T14:48:55.331+0000] {local_task_job_runner.py:243} INFO - Task exited with return code 0
[2026-06-06T14:48:55.361+0000] {taskinstance.py:3503} INFO - 0 downstream tasks scheduled from follow-on schedule check
[2026-06-06T14:48:55.364+0000] {local_task_job_runner.py:222} INFO - ::endgroup::
