[2026-06-06T00:54:18.661+0000] {local_task_job_runner.py:120} INFO - ::group::Pre task execution logs
[2026-06-06T00:54:18.699+0000] {taskinstance.py:2076} INFO - Dependencies all met for dep_context=non-requeueable deps ti=<TaskInstance: opendota_dag.python_operator scheduled__2026-04-26T00:00:00+00:00 [queued]>
[2026-06-06T00:54:18.711+0000] {taskinstance.py:2076} INFO - Dependencies all met for dep_context=requeueable deps ti=<TaskInstance: opendota_dag.python_operator scheduled__2026-04-26T00:00:00+00:00 [queued]>
[2026-06-06T00:54:18.712+0000] {taskinstance.py:2306} INFO - Starting attempt 1 of 1
[2026-06-06T00:54:18.729+0000] {taskinstance.py:2330} INFO - Executing <Task(PythonOperator): python_operator> on 2026-04-26 00:00:00+00:00
[2026-06-06T00:54:18.739+0000] {logging_mixin.py:188} WARNING - /home/***/.local/lib/python3.12/site-packages/***/task/task_runner/standard_task_runner.py:62 DeprecationWarning: This process (pid=4353) is multi-threaded, use of fork() may lead to deadlocks in the child.
[2026-06-06T00:54:18.740+0000] {standard_task_runner.py:64} INFO - Started process 4354 to run task
[2026-06-06T00:54:18.739+0000] {standard_task_runner.py:90} INFO - Running: ['***', 'tasks', 'run', 'opendota_dag', 'python_operator', 'scheduled__2026-04-26T00:00:00+00:00', '--job-id', '33', '--raw', '--subdir', 'DAGS_FOLDER/opendota/dag.py', '--cfg-path', '/tmp/tmp2wm90jm_']
[2026-06-06T00:54:18.742+0000] {standard_task_runner.py:91} INFO - Job 33: Subtask python_operator
[2026-06-06T00:54:18.808+0000] {task_command.py:426} INFO - Running <TaskInstance: opendota_dag.python_operator scheduled__2026-04-26T00:00:00+00:00 [running]> on host 7c257e16fd07
[2026-06-06T00:54:18.962+0000] {taskinstance.py:2648} INFO - Exporting env vars: AIRFLOW_CTX_DAG_OWNER='***' AIRFLOW_CTX_DAG_ID='opendota_dag' AIRFLOW_CTX_TASK_ID='python_operator' AIRFLOW_CTX_EXECUTION_DATE='2026-04-26T00:00:00+00:00' AIRFLOW_CTX_TRY_NUMBER='1' AIRFLOW_CTX_DAG_RUN_ID='scheduled__2026-04-26T00:00:00+00:00'
[2026-06-06T00:54:18.966+0000] {taskinstance.py:430} INFO - ::endgroup::
[2026-06-06T00:54:19.003+0000] {base.py:84} INFO - Using connection ID 'pg_conn' for task execution.
[2026-06-06T00:54:19.007+0000] {sql.py:254} WARNING - This setter is for backward compatibility and should not be used.
Since the introduction of connection property, the providers listed below breaks due to assigning value to self.connection in their __init__ method.
* apache-***-providers-mysql<5.7.1
* apache-***-providers-elasticsearch<5.5.1
* apache-***-providers-postgres<5.13.0
[2026-06-06T00:54:19.010+0000] {taskinstance.py:441} INFO - ::group::Post task execution logs
[2026-06-06T00:54:19.011+0000] {taskinstance.py:2905} ERROR - Task failed with exception
Traceback (most recent call last):
  File "/home/airflow/.local/lib/python3.12/site-packages/airflow/models/taskinstance.py", line 465, in _execute_task
    result = _execute_callable(context=context, **execute_callable_kwargs)
             ^^^^^^^^^^^^^^^^^^^^^^^^^^^^^^^^^^^^^^^^^^^^^^^^^^^^^^^^^^^^^
  File "/home/airflow/.local/lib/python3.12/site-packages/airflow/models/taskinstance.py", line 432, in _execute_callable
    return execute_callable(context=context, **execute_callable_kwargs)
           ^^^^^^^^^^^^^^^^^^^^^^^^^^^^^^^^^^^^^^^^^^^^^^^^^^^^^^^^^^^^
  File "/home/airflow/.local/lib/python3.12/site-packages/airflow/models/baseoperator.py", line 401, in wrapper
    return func(self, *args, **kwargs)
           ^^^^^^^^^^^^^^^^^^^^^^^^^^^
  File "/home/airflow/.local/lib/python3.12/site-packages/airflow/operators/python.py", line 235, in execute
    return_value = self.execute_callable()
                   ^^^^^^^^^^^^^^^^^^^^^^^
  File "/home/airflow/.local/lib/python3.12/site-packages/airflow/operators/python.py", line 252, in execute_callable
    return self.python_callable(*self.op_args, **self.op_kwargs)
           ^^^^^^^^^^^^^^^^^^^^^^^^^^^^^^^^^^^^^^^^^^^^^^^^^^^^^
  File "/opt/airflow/dags/opendota/scripts/manager.py", line 6, in fetch_data_from_opendota
    conn = hook.get_conn()
           ^^^^^^^^^^^^^^^
  File "/home/airflow/.local/lib/python3.12/site-packages/airflow/providers/postgres/hooks/postgres.py", line 175, in get_conn
    self.conn = psycopg2.connect(**conn_args)
                ^^^^^^^^^^^^^^^^^^^^^^^^^^^^^
  File "/home/airflow/.local/lib/python3.12/site-packages/psycopg2/__init__.py", line 122, in connect
    conn = _connect(dsn, connection_factory=connection_factory, **kwasync)
           ^^^^^^^^^^^^^^^^^^^^^^^^^^^^^^^^^^^^^^^^^^^^^^^^^^^^^^^^^^^^^^^
psycopg2.OperationalError: connection to server at "localhost" (::1), port 5432 failed: Connection refused
	Is the server running on that host and accepting TCP/IP connections?
connection to server at "localhost" (127.0.0.1), port 5432 failed: Connection refused
	Is the server running on that host and accepting TCP/IP connections?

[2026-06-06T00:54:19.037+0000] {taskinstance.py:1206} INFO - Marking task as FAILED. dag_id=opendota_dag, task_id=python_operator, run_id=scheduled__2026-04-26T00:00:00+00:00, execution_date=20260426T000000, start_date=20260606T005418, end_date=20260606T005419
[2026-06-06T00:54:19.071+0000] {standard_task_runner.py:110} ERROR - Failed to execute job 33 for task python_operator (connection to server at "localhost" (::1), port 5432 failed: Connection refused
	Is the server running on that host and accepting TCP/IP connections?
connection to server at "localhost" (127.0.0.1), port 5432 failed: Connection refused
	Is the server running on that host and accepting TCP/IP connections?
; 4354)
[2026-06-06T00:54:19.119+0000] {local_task_job_runner.py:243} INFO - Task exited with return code 1
[2026-06-06T00:54:19.149+0000] {taskinstance.py:3503} INFO - 0 downstream tasks scheduled from follow-on schedule check
[2026-06-06T00:54:19.153+0000] {local_task_job_runner.py:222} INFO - ::endgroup::
