[2026-06-06T00:53:46.992+0000] {local_task_job_runner.py:120} INFO - ::group::Pre task execution logs
[2026-06-06T00:53:47.031+0000] {taskinstance.py:2076} INFO - Dependencies all met for dep_context=non-requeueable deps ti=<TaskInstance: opendota_dag.python_operator scheduled__2026-04-11T00:00:00+00:00 [queued]>
[2026-06-06T00:53:47.040+0000] {taskinstance.py:2076} INFO - Dependencies all met for dep_context=requeueable deps ti=<TaskInstance: opendota_dag.python_operator scheduled__2026-04-11T00:00:00+00:00 [queued]>
[2026-06-06T00:53:47.041+0000] {taskinstance.py:2306} INFO - Starting attempt 1 of 1
[2026-06-06T00:53:47.057+0000] {taskinstance.py:2330} INFO - Executing <Task(PythonOperator): python_operator> on 2026-04-11 00:00:00+00:00
[2026-06-06T00:53:47.064+0000] {logging_mixin.py:188} WARNING - /home/***/.local/lib/python3.12/site-packages/***/task/task_runner/standard_task_runner.py:62 DeprecationWarning: This process (pid=4312) is multi-threaded, use of fork() may lead to deadlocks in the child.
[2026-06-06T00:53:47.066+0000] {standard_task_runner.py:64} INFO - Started process 4313 to run task
[2026-06-06T00:53:47.064+0000] {standard_task_runner.py:90} INFO - Running: ['***', 'tasks', 'run', 'opendota_dag', 'python_operator', 'scheduled__2026-04-11T00:00:00+00:00', '--job-id', '18', '--raw', '--subdir', 'DAGS_FOLDER/opendota/dag.py', '--cfg-path', '/tmp/tmpk96ahty_']
[2026-06-06T00:53:47.066+0000] {standard_task_runner.py:91} INFO - Job 18: Subtask python_operator
[2026-06-06T00:53:47.130+0000] {task_command.py:426} INFO - Running <TaskInstance: opendota_dag.python_operator scheduled__2026-04-11T00:00:00+00:00 [running]> on host 7c257e16fd07
[2026-06-06T00:53:47.228+0000] {taskinstance.py:2648} INFO - Exporting env vars: AIRFLOW_CTX_DAG_OWNER='***' AIRFLOW_CTX_DAG_ID='opendota_dag' AIRFLOW_CTX_TASK_ID='python_operator' AIRFLOW_CTX_EXECUTION_DATE='2026-04-11T00:00:00+00:00' AIRFLOW_CTX_TRY_NUMBER='1' AIRFLOW_CTX_DAG_RUN_ID='scheduled__2026-04-11T00:00:00+00:00'
[2026-06-06T00:53:47.229+0000] {taskinstance.py:430} INFO - ::endgroup::
[2026-06-06T00:53:47.249+0000] {base.py:84} INFO - Using connection ID 'pg_conn' for task execution.
[2026-06-06T00:53:47.249+0000] {sql.py:254} WARNING - This setter is for backward compatibility and should not be used.
Since the introduction of connection property, the providers listed below breaks due to assigning value to self.connection in their __init__ method.
* apache-***-providers-mysql<5.7.1
* apache-***-providers-elasticsearch<5.5.1
* apache-***-providers-postgres<5.13.0
[2026-06-06T00:53:47.251+0000] {taskinstance.py:441} INFO - ::group::Post task execution logs
[2026-06-06T00:53:47.252+0000] {taskinstance.py:2905} ERROR - Task failed with exception
Traceback (most recent call last):
  File "/home/airflow/.local/lib/python3.12/site-packages/airflow/models/taskinstance.py", line 465, in _execute_task
    result = _execute_callable(context=context, **execute_callable_kwargs)
             ^^^^^^^^^^^^^^^^^^^^^^^^^^^^^^^^^^^^^^^^^^^^^^^^^^^^^^^^^^^^^
  File "/home/airflow/.local/lib/python3.12/site-packages/airflow/models/taskinstance.py", line 432, in _execute_callable
    return execute_callable(context=context, **execute_callable_kwargs)
           ^^^^^^^^^^^^^^^^^^^^^^^^^^^^^^^^^^^^^^^^^^^^^^^^^^^^^^^^^^^^
  File "/home/airflow/.local/lib/python3.12/site-packages/airflow/models/baseoperator.py", line 401, in wrapper
    return func(self, *args, **kwargs)
           ^^^^^^^^^^^^^^^^^^^^^^^^^^^
  File "/home/airflow/.local/lib/python3.12/site-packages/airflow/operators/python.py", line 235, in execute
    return_value = self.execute_callable()
                   ^^^^^^^^^^^^^^^^^^^^^^^
  File "/home/airflow/.local/lib/python3.12/site-packages/airflow/operators/python.py", line 252, in execute_callable
    return self.python_callable(*self.op_args, **self.op_kwargs)
           ^^^^^^^^^^^^^^^^^^^^^^^^^^^^^^^^^^^^^^^^^^^^^^^^^^^^^
  File "/opt/airflow/dags/opendota/scripts/manager.py", line 6, in fetch_data_from_opendota
    conn = hook.get_conn()
           ^^^^^^^^^^^^^^^
  File "/home/airflow/.local/lib/python3.12/site-packages/airflow/providers/postgres/hooks/postgres.py", line 175, in get_conn
    self.conn = psycopg2.connect(**conn_args)
                ^^^^^^^^^^^^^^^^^^^^^^^^^^^^^
  File "/home/airflow/.local/lib/python3.12/site-packages/psycopg2/__init__.py", line 122, in connect
    conn = _connect(dsn, connection_factory=connection_factory, **kwasync)
           ^^^^^^^^^^^^^^^^^^^^^^^^^^^^^^^^^^^^^^^^^^^^^^^^^^^^^^^^^^^^^^^
psycopg2.OperationalError: connection to server at "localhost" (::1), port 5432 failed: Connection refused
	Is the server running on that host and accepting TCP/IP connections?
connection to server at "localhost" (127.0.0.1), port 5432 failed: Connection refused
	Is the server running on that host and accepting TCP/IP connections?

[2026-06-06T00:53:47.264+0000] {taskinstance.py:1206} INFO - Marking task as FAILED. dag_id=opendota_dag, task_id=python_operator, run_id=scheduled__2026-04-11T00:00:00+00:00, execution_date=20260411T000000, start_date=20260606T005347, end_date=20260606T005347
[2026-06-06T00:53:47.274+0000] {standard_task_runner.py:110} ERROR - Failed to execute job 18 for task python_operator (connection to server at "localhost" (::1), port 5432 failed: Connection refused
	Is the server running on that host and accepting TCP/IP connections?
connection to server at "localhost" (127.0.0.1), port 5432 failed: Connection refused
	Is the server running on that host and accepting TCP/IP connections?
; 4313)
[2026-06-06T00:53:47.320+0000] {local_task_job_runner.py:243} INFO - Task exited with return code 1
[2026-06-06T00:53:47.336+0000] {taskinstance.py:3503} INFO - 0 downstream tasks scheduled from follow-on schedule check
[2026-06-06T00:53:47.338+0000] {local_task_job_runner.py:222} INFO - ::endgroup::
