[2026-06-06T14:47:47.898+0000] {local_task_job_runner.py:120} INFO - ::group::Pre task execution logs
[2026-06-06T14:47:47.946+0000] {taskinstance.py:2076} INFO - Dependencies all met for dep_context=non-requeueable deps ti=<TaskInstance: opendota_dag.python_operator manual__2026-06-06T14:47:46.782906+00:00 [queued]>
[2026-06-06T14:47:47.957+0000] {taskinstance.py:2076} INFO - Dependencies all met for dep_context=requeueable deps ti=<TaskInstance: opendota_dag.python_operator manual__2026-06-06T14:47:46.782906+00:00 [queued]>
[2026-06-06T14:47:47.958+0000] {taskinstance.py:2306} INFO - Starting attempt 1 of 1
[2026-06-06T14:47:47.976+0000] {taskinstance.py:2330} INFO - Executing <Task(PythonOperator): python_operator> on 2026-06-06 14:47:46.782906+00:00
[2026-06-06T14:47:47.988+0000] {standard_task_runner.py:90} INFO - Running: ['***', 'tasks', 'run', 'opendota_dag', 'python_operator', 'manual__2026-06-06T14:47:46.782906+00:00', '--job-id', '80', '--raw', '--subdir', 'DAGS_FOLDER/opendota/dag.py', '--cfg-path', '/tmp/tmprpfvm15f']
[2026-06-06T14:47:47.991+0000] {standard_task_runner.py:91} INFO - Job 80: Subtask python_operator
[2026-06-06T14:47:47.996+0000] {logging_mixin.py:188} WARNING - /home/***/.local/lib/python3.12/site-packages/***/task/task_runner/standard_task_runner.py:62 DeprecationWarning: This process (pid=8892) is multi-threaded, use of fork() may lead to deadlocks in the child.
[2026-06-06T14:47:47.997+0000] {standard_task_runner.py:64} INFO - Started process 8893 to run task
[2026-06-06T14:47:48.079+0000] {task_command.py:426} INFO - Running <TaskInstance: opendota_dag.python_operator manual__2026-06-06T14:47:46.782906+00:00 [running]> on host 7c257e16fd07
[2026-06-06T14:47:48.215+0000] {taskinstance.py:2648} INFO - Exporting env vars: AIRFLOW_CTX_DAG_OWNER='***' AIRFLOW_CTX_DAG_ID='opendota_dag' AIRFLOW_CTX_TASK_ID='python_operator' AIRFLOW_CTX_EXECUTION_DATE='2026-06-06T14:47:46.782906+00:00' AIRFLOW_CTX_TRY_NUMBER='1' AIRFLOW_CTX_DAG_RUN_ID='manual__2026-06-06T14:47:46.782906+00:00'
[2026-06-06T14:47:48.217+0000] {taskinstance.py:430} INFO - ::endgroup::
[2026-06-06T14:47:48.259+0000] {base.py:84} INFO - Using connection ID 'pg_conn' for task execution.
[2026-06-06T14:47:48.260+0000] {sql.py:254} WARNING - This setter is for backward compatibility and should not be used.
Since the introduction of connection property, the providers listed below breaks due to assigning value to self.connection in their __init__ method.
* apache-***-providers-mysql<5.7.1
* apache-***-providers-elasticsearch<5.5.1
* apache-***-providers-postgres<5.13.0
[2026-06-06T14:47:50.117+0000] {taskinstance.py:441} INFO - ::group::Post task execution logs
[2026-06-06T14:47:50.119+0000] {taskinstance.py:2905} ERROR - Task failed with exception
Traceback (most recent call last):
  File "/home/airflow/.local/lib/python3.12/site-packages/airflow/models/taskinstance.py", line 465, in _execute_task
    result = _execute_callable(context=context, **execute_callable_kwargs)
             ^^^^^^^^^^^^^^^^^^^^^^^^^^^^^^^^^^^^^^^^^^^^^^^^^^^^^^^^^^^^^
  File "/home/airflow/.local/lib/python3.12/site-packages/airflow/models/taskinstance.py", line 432, in _execute_callable
    return execute_callable(context=context, **execute_callable_kwargs)
           ^^^^^^^^^^^^^^^^^^^^^^^^^^^^^^^^^^^^^^^^^^^^^^^^^^^^^^^^^^^^
  File "/home/airflow/.local/lib/python3.12/site-packages/airflow/models/baseoperator.py", line 401, in wrapper
    return func(self, *args, **kwargs)
           ^^^^^^^^^^^^^^^^^^^^^^^^^^^
  File "/home/airflow/.local/lib/python3.12/site-packages/airflow/operators/python.py", line 235, in execute
    return_value = self.execute_callable()
                   ^^^^^^^^^^^^^^^^^^^^^^^
  File "/home/airflow/.local/lib/python3.12/site-packages/airflow/operators/python.py", line 252, in execute_callable
    return self.python_callable(*self.op_args, **self.op_kwargs)
           ^^^^^^^^^^^^^^^^^^^^^^^^^^^^^^^^^^^^^^^^^^^^^^^^^^^^^
  File "/opt/airflow/dags/opendota/scripts/manager.py", line 21, in fetch_data_from_opendota
    cursor.execute(insert_query, values)
psycopg2.errors.UndefinedColumn: column "locked_untill" of relation "proplayers" does not exist
LINE 2: ... team_id, team_name, team_tag, is_locked, is_pro, locked_unt...
                                                             ^

[2026-06-06T14:47:50.140+0000] {taskinstance.py:1206} INFO - Marking task as FAILED. dag_id=opendota_dag, task_id=python_operator, run_id=manual__2026-06-06T14:47:46.782906+00:00, execution_date=20260606T144746, start_date=20260606T144747, end_date=20260606T144750
[2026-06-06T14:47:50.159+0000] {standard_task_runner.py:110} ERROR - Failed to execute job 80 for task python_operator (column "locked_untill" of relation "proplayers" does not exist
LINE 2: ... team_id, team_name, team_tag, is_locked, is_pro, locked_unt...
                                                             ^
; 8893)
[2026-06-06T14:47:50.197+0000] {local_task_job_runner.py:243} INFO - Task exited with return code 1
[2026-06-06T14:47:50.227+0000] {taskinstance.py:3503} INFO - 0 downstream tasks scheduled from follow-on schedule check
[2026-06-06T14:47:50.231+0000] {local_task_job_runner.py:222} INFO - ::endgroup::
